// Jest Snapshot v1, https://goo.gl/fbAQLP

exports[`returns RSS template with default values 1`] = `
Object {
  "rss": Object {
    "@version": "2.0",
    "@xmlns:atom": "http://www.w3.org/2005/Atom",
    "@xmlns:content": "http://purl.org/rss/1.0/modules/content/",
    "@xmlns:dc": "http://purl.org/dc/elements/1.1/",
    "@xmlns:media": "http://search.yahoo.com/mrss/",
    "@xmlns:sy": "http://purl.org/rss/1.0/modules/syndication/",
    "channel": Object {
      "atom:link": Object {
        "@href": "http://demo-prod.origin.arcpublishing.com",
        "@rel": "self",
        "@type": "application/rss+xml",
      },
      "description": "google news News Feed",
      "item": Array [],
      "language": "en",
      "lastBuildDate": StringMatching /\\\\w\\+, \\\\d\\+ \\\\w\\+ \\\\d\\{4\\} \\\\d\\{2\\}:\\\\d\\{2\\}:\\\\d\\{2\\} \\\\\\+0000/,
      "link": "http://demo-prod.origin.arcpublishing.com",
      "sy:updateFrequency": "1",
      "sy:updatePeriod": "hourly",
      "title": "google news",
      "ttl": "1",
    },
  },
}
`;
