// Jest Snapshot v1, https://goo.gl/fbAQLP

exports[`returns template with links to sections without outputType 1`] = `
{
  "sitemapindex": {
    "@xmlns": "http://www.sitemaps.org/schemas/sitemap/0.9",
    "sitemap": [
      {
        "loc": "http://demo-prod.origin.arcpublishing.com/politics/",
      },
      {
        "loc": "http://demo-prod.origin.arcpublishing.com/opinion/",
      },
      {
        "loc": "http://demo-prod.origin.arcpublishing.com/economy/",
      },
      {
        "loc": "http://demo-prod.origin.arcpublishing.com/sports/",
      },
      {
        "loc": "http://demo-prod.origin.arcpublishing.com/sports/football/",
      },
      {
        "loc": "http://demo-prod.origin.arcpublishing.com/sports/baseball/",
      },
      {
        "loc": "http://demo-prod.origin.arcpublishing.com/sports/basketball/",
      },
      {
        "loc": "http://demo-prod.origin.arcpublishing.com/entertainment/",
      },
      {
        "loc": "http://demo-prod.origin.arcpublishing.com/entertainment/tv/",
      },
      {
        "loc": "http://demo-prod.origin.arcpublishing.com/entertainment/movies/",
      },
    ],
  },
}
`;

exports[`returns template with sitemap at root 1`] = `
{
  "sitemapindex": {
    "@xmlns": "http://www.sitemaps.org/schemas/sitemap/0.9",
    "sitemap": [
      {
        "loc": "http://demo-prod.origin.arcpublishing.com/sitemap-category-politics.xml",
      },
      {
        "loc": "http://demo-prod.origin.arcpublishing.com/sitemap-category-opinion.xml",
      },
      {
        "loc": "http://demo-prod.origin.arcpublishing.com/sitemap-category-economy.xml",
      },
      {
        "loc": "http://demo-prod.origin.arcpublishing.com/sitemap-category-sports.xml",
      },
      {
        "loc": "http://demo-prod.origin.arcpublishing.com/sitemap-category-sports-football.xml",
      },
      {
        "loc": "http://demo-prod.origin.arcpublishing.com/sitemap-category-sports-baseball.xml",
      },
      {
        "loc": "http://demo-prod.origin.arcpublishing.com/sitemap-category-sports-basketball.xml",
      },
      {
        "loc": "http://demo-prod.origin.arcpublishing.com/sitemap-category-entertainment.xml",
      },
      {
        "loc": "http://demo-prod.origin.arcpublishing.com/sitemap-category-entertainment-tv.xml",
      },
      {
        "loc": "http://demo-prod.origin.arcpublishing.com/sitemap-category-entertainment-movies.xml",
      },
    ],
  },
}
`;

exports[`returns template with sitemap index by section links 1`] = `
{
  "sitemapindex": {
    "@xmlns": "http://www.sitemaps.org/schemas/sitemap/0.9",
    "sitemap": [
      {
        "loc": "http://demo-prod.origin.arcpublishing.com/arc/outboundfeeds/sitemap/category/politics/",
      },
      {
        "loc": "http://demo-prod.origin.arcpublishing.com/arc/outboundfeeds/sitemap/category/opinion/",
      },
      {
        "loc": "http://demo-prod.origin.arcpublishing.com/arc/outboundfeeds/sitemap/category/economy/",
      },
      {
        "loc": "http://demo-prod.origin.arcpublishing.com/arc/outboundfeeds/sitemap/category/sports/",
      },
      {
        "loc": "http://demo-prod.origin.arcpublishing.com/arc/outboundfeeds/sitemap/category/sports/football/",
      },
      {
        "loc": "http://demo-prod.origin.arcpublishing.com/arc/outboundfeeds/sitemap/category/sports/baseball/",
      },
      {
        "loc": "http://demo-prod.origin.arcpublishing.com/arc/outboundfeeds/sitemap/category/sports/basketball/",
      },
      {
        "loc": "http://demo-prod.origin.arcpublishing.com/arc/outboundfeeds/sitemap/category/entertainment/",
      },
      {
        "loc": "http://demo-prod.origin.arcpublishing.com/arc/outboundfeeds/sitemap/category/entertainment/tv/",
      },
      {
        "loc": "http://demo-prod.origin.arcpublishing.com/arc/outboundfeeds/sitemap/category/entertainment/movies/",
      },
    ],
  },
}
`;

exports[`returns template with sitemap index by section links with excluded links 1`] = `
{
  "sitemapindex": {
    "@xmlns": "http://www.sitemaps.org/schemas/sitemap/0.9",
    "sitemap": [
      {
        "loc": "http://demo-prod.origin.arcpublishing.com/arc/outboundfeeds/sitemap/category/opinion/?outputType=xml",
      },
      {
        "loc": "http://demo-prod.origin.arcpublishing.com/arc/outboundfeeds/sitemap/category/economy/?outputType=xml",
      },
      {
        "loc": "http://demo-prod.origin.arcpublishing.com/arc/outboundfeeds/sitemap/category/sports/?outputType=xml",
      },
      {
        "loc": "http://demo-prod.origin.arcpublishing.com/arc/outboundfeeds/sitemap/category/sports/football/?outputType=xml",
      },
      {
        "loc": "http://demo-prod.origin.arcpublishing.com/arc/outboundfeeds/sitemap/category/sports/baseball/?outputType=xml",
      },
      {
        "loc": "http://demo-prod.origin.arcpublishing.com/arc/outboundfeeds/sitemap/category/sports/basketball/?outputType=xml",
      },
      {
        "loc": "http://demo-prod.origin.arcpublishing.com/arc/outboundfeeds/sitemap/category/entertainment/?outputType=xml",
      },
      {
        "loc": "http://demo-prod.origin.arcpublishing.com/arc/outboundfeeds/sitemap/category/entertainment/movies/?outputType=xml",
      },
    ],
  },
}
`;
