// Jest Snapshot v1, https://goo.gl/fbAQLP

exports[`returns template with default values 1`] = `
Object {
  "sitemapindex": Object {
    "@xmlns": "http://www.sitemaps.org/schemas/sitemap/0.9",
    "sitemap": Array [
      Object {
        "loc": "http://demo-prod.origin.arcpublishing.com/arc/outboundfeeds/sitemap-by-day/latest?outputType=xml",
      },
      Object {
        "loc": "http://demo-prod.origin.arcpublishing.com/arc/outboundfeeds/sitemap-by-day/2021-05-03?outputType=xml",
      },
      Object {
        "loc": "http://demo-prod.origin.arcpublishing.com/arc/outboundfeeds/sitemap-by-day/2021-05-02?outputType=xml",
      },
      Object {
        "loc": "http://demo-prod.origin.arcpublishing.com/arc/outboundfeeds/sitemap-by-day/2021-05-01?outputType=xml",
      },
      Object {
        "loc": "http://demo-prod.origin.arcpublishing.com/arc/outboundfeeds/sitemap-by-day/2021-04-30?outputType=xml",
      },
      Object {
        "loc": "http://demo-prod.origin.arcpublishing.com/arc/outboundfeeds/sitemap-by-day/2021-04-29?outputType=xml",
      },
      Object {
        "loc": "http://demo-prod.origin.arcpublishing.com/arc/outboundfeeds/sitemap-by-day/2021-04-28?outputType=xml",
      },
    ],
  },
}
`;

exports[`returns template with set end date 1`] = `
Object {
  "sitemapindex": Object {
    "@xmlns": "http://www.sitemaps.org/schemas/sitemap/0.9",
    "sitemap": Array [
      Object {
        "loc": "http://demo-prod.origin.arcpublishing.com/arc/outboundfeeds/sitemap-by-day/latest?outputType=xml",
      },
      Object {
        "loc": "http://demo-prod.origin.arcpublishing.com/arc/outboundfeeds/sitemap-by-day/2021-05-03?outputType=xml",
      },
      Object {
        "loc": "http://demo-prod.origin.arcpublishing.com/arc/outboundfeeds/sitemap-by-day/2021-05-02?outputType=xml",
      },
      Object {
        "loc": "http://demo-prod.origin.arcpublishing.com/arc/outboundfeeds/sitemap-by-day/2021-05-01?outputType=xml",
      },
      Object {
        "loc": "http://demo-prod.origin.arcpublishing.com/arc/outboundfeeds/sitemap-by-day/2021-04-30?outputType=xml",
      },
      Object {
        "loc": "http://demo-prod.origin.arcpublishing.com/arc/outboundfeeds/sitemap-by-day/2021-04-29?outputType=xml",
      },
      Object {
        "loc": "http://demo-prod.origin.arcpublishing.com/arc/outboundfeeds/sitemap-by-day/2021-04-28?outputType=xml",
      },
      Object {
        "loc": "http://demo-prod.origin.arcpublishing.com/arc/outboundfeeds/sitemap-by-day/2021-04-27?outputType=xml",
      },
      Object {
        "loc": "http://demo-prod.origin.arcpublishing.com/arc/outboundfeeds/sitemap-by-day/2021-04-26?outputType=xml",
      },
      Object {
        "loc": "http://demo-prod.origin.arcpublishing.com/arc/outboundfeeds/sitemap-by-day/2021-04-25?outputType=xml",
      },
      Object {
        "loc": "http://demo-prod.origin.arcpublishing.com/arc/outboundfeeds/sitemap-by-day/2021-04-24?outputType=xml",
      },
      Object {
        "loc": "http://demo-prod.origin.arcpublishing.com/arc/outboundfeeds/sitemap-by-day/2021-04-23?outputType=xml",
      },
      Object {
        "loc": "http://demo-prod.origin.arcpublishing.com/arc/outboundfeeds/sitemap-by-day/2021-04-22?outputType=xml",
      },
      Object {
        "loc": "http://demo-prod.origin.arcpublishing.com/arc/outboundfeeds/sitemap-by-day/2021-04-21?outputType=xml",
      },
      Object {
        "loc": "http://demo-prod.origin.arcpublishing.com/arc/outboundfeeds/sitemap-by-day/2021-04-20?outputType=xml",
      },
      Object {
        "loc": "http://demo-prod.origin.arcpublishing.com/arc/outboundfeeds/sitemap-by-day/2021-04-19?outputType=xml",
      },
      Object {
        "loc": "http://demo-prod.origin.arcpublishing.com/arc/outboundfeeds/sitemap-by-day/2021-04-18?outputType=xml",
      },
      Object {
        "loc": "http://demo-prod.origin.arcpublishing.com/arc/outboundfeeds/sitemap-by-day/2021-04-17?outputType=xml",
      },
      Object {
        "loc": "http://demo-prod.origin.arcpublishing.com/arc/outboundfeeds/sitemap-by-day/2021-04-16?outputType=xml",
      },
      Object {
        "loc": "http://demo-prod.origin.arcpublishing.com/arc/outboundfeeds/sitemap-by-day/2021-04-15?outputType=xml",
      },
      Object {
        "loc": "http://demo-prod.origin.arcpublishing.com/arc/outboundfeeds/sitemap-by-day/2021-04-14?outputType=xml",
      },
      Object {
        "loc": "http://demo-prod.origin.arcpublishing.com/arc/outboundfeeds/sitemap-by-day/2021-04-13?outputType=xml",
      },
      Object {
        "loc": "http://demo-prod.origin.arcpublishing.com/arc/outboundfeeds/sitemap-by-day/2021-04-12?outputType=xml",
      },
      Object {
        "loc": "http://demo-prod.origin.arcpublishing.com/arc/outboundfeeds/sitemap-by-day/2021-04-11?outputType=xml",
      },
      Object {
        "loc": "http://demo-prod.origin.arcpublishing.com/arc/outboundfeeds/sitemap-by-day/2021-04-10?outputType=xml",
      },
      Object {
        "loc": "http://demo-prod.origin.arcpublishing.com/arc/outboundfeeds/sitemap-by-day/2021-04-09?outputType=xml",
      },
      Object {
        "loc": "http://demo-prod.origin.arcpublishing.com/arc/outboundfeeds/sitemap-by-day/2021-04-08?outputType=xml",
      },
      Object {
        "loc": "http://demo-prod.origin.arcpublishing.com/arc/outboundfeeds/sitemap-by-day/2021-04-07?outputType=xml",
      },
      Object {
        "loc": "http://demo-prod.origin.arcpublishing.com/arc/outboundfeeds/sitemap-by-day/2021-04-06?outputType=xml",
      },
      Object {
        "loc": "http://demo-prod.origin.arcpublishing.com/arc/outboundfeeds/sitemap-by-day/2021-04-05?outputType=xml",
      },
      Object {
        "loc": "http://demo-prod.origin.arcpublishing.com/arc/outboundfeeds/sitemap-by-day/2021-04-04?outputType=xml",
      },
      Object {
        "loc": "http://demo-prod.origin.arcpublishing.com/arc/outboundfeeds/sitemap-by-day/2021-04-03?outputType=xml",
      },
      Object {
        "loc": "http://demo-prod.origin.arcpublishing.com/arc/outboundfeeds/sitemap-by-day/2021-04-02?outputType=xml",
      },
      Object {
        "loc": "http://demo-prod.origin.arcpublishing.com/arc/outboundfeeds/sitemap-by-day/2021-04-01?outputType=xml",
      },
    ],
  },
}
`;
