// Jest Snapshot v1, https://goo.gl/fbAQLP

exports[`returns template with category in url 1`] = `
{
  "sitemapindex": {
    "@xmlns": "http://www.sitemaps.org/schemas/sitemap/0.9",
    "sitemap": [
      {
        "lastmod": "2020-04-07T15:02:08.918Z",
        "loc": "http://demo-prod.origin.arcpublishing.com/arc/outboundfeeds/sitemap/category/sports/?outputType=xml",
      },
      {
        "lastmod": "2020-04-07T15:02:08.918Z",
        "loc": "http://demo-prod.origin.arcpublishing.com/arc/outboundfeeds/sitemap/category/sports/?outputType=xml&from=100",
      },
      {
        "lastmod": "2020-04-07T15:02:08.918Z",
        "loc": "http://demo-prod.origin.arcpublishing.com/arc/outboundfeeds/sitemap/category/sports/?outputType=xml&from=200",
      },
      {
        "lastmod": "2020-04-07T15:02:08.918Z",
        "loc": "http://demo-prod.origin.arcpublishing.com/arc/outboundfeeds/sitemap/category/sports/?outputType=xml&from=300",
      },
      {
        "lastmod": "2020-04-07T15:02:08.918Z",
        "loc": "http://demo-prod.origin.arcpublishing.com/arc/outboundfeeds/sitemap/category/sports/?outputType=xml&from=400",
      },
    ],
  },
}
`;

exports[`returns template with default values 1`] = `
{
  "sitemapindex": {
    "@xmlns": "http://www.sitemaps.org/schemas/sitemap/0.9",
    "sitemap": [
      {
        "lastmod": "2020-04-07T15:02:08.918Z",
        "loc": "http://demo-prod.origin.arcpublishing.com/arc/outboundfeeds/sitemap/?outputType=xml",
      },
      {
        "lastmod": "2020-04-07T15:02:08.918Z",
        "loc": "http://demo-prod.origin.arcpublishing.com/arc/outboundfeeds/sitemap/?outputType=xml&from=100",
      },
      {
        "lastmod": "2020-04-07T15:02:08.918Z",
        "loc": "http://demo-prod.origin.arcpublishing.com/arc/outboundfeeds/sitemap/?outputType=xml&from=200",
      },
      {
        "lastmod": "2020-04-07T15:02:08.918Z",
        "loc": "http://demo-prod.origin.arcpublishing.com/arc/outboundfeeds/sitemap/?outputType=xml&from=300",
      },
      {
        "lastmod": "2020-04-07T15:02:08.918Z",
        "loc": "http://demo-prod.origin.arcpublishing.com/arc/outboundfeeds/sitemap/?outputType=xml&from=400",
      },
    ],
  },
}
`;

exports[`returns template with empty values 1`] = `
{
  "sitemapindex": {
    "@xmlns": "http://www.sitemaps.org/schemas/sitemap/0.9",
    "sitemap": [
      {
        "loc": "http://demo-prod.origin.arcpublishing.com",
      },
      {
        "loc": "http://demo-prod.origin.arcpublishing.com?from=100",
      },
      {
        "loc": "http://demo-prod.origin.arcpublishing.com?from=200",
      },
      {
        "loc": "http://demo-prod.origin.arcpublishing.com?from=300",
      },
      {
        "loc": "http://demo-prod.origin.arcpublishing.com?from=400",
      },
    ],
  },
}
`;

exports[`returns template with no content 1`] = `
{
  "sitemapindex": {
    "@xmlns": "http://www.sitemaps.org/schemas/sitemap/0.9",
    "sitemap": [],
  },
}
`;
